Archive member included to satisfy reference by file (symbol)

/usr/lib/gcc/avr/5.4.0/../../../avr/lib/avr5/libprintf_flt.a(vfprintf_flt.o)
                              (vfprintf)
/usr/lib/gcc/avr/5.4.0/../../../avr/lib/avr5/libscanf_flt.a(vfscanf_flt.o)
                              (vfscanf)
/usr/lib/gcc/avr/5.4.0/../../../avr/lib/avr5/libm.a(floatsisf.o)
                              /usr/lib/gcc/avr/5.4.0/../../../avr/lib/avr5/libscanf_flt.a(vfscanf_flt.o) (__floatunsisf)
/usr/lib/gcc/avr/5.4.0/../../../avr/lib/avr5/libm.a(mulsf3.o)
                              /usr/lib/gcc/avr/5.4.0/../../../avr/lib/avr5/libscanf_flt.a(vfscanf_flt.o) (__mulsf3)
/usr/lib/gcc/avr/5.4.0/../../../avr/lib/avr5/libm.a(mulsf3x.o)
                              /usr/lib/gcc/avr/5.4.0/../../../avr/lib/avr5/libm.a(mulsf3.o) (__mulsf3x)
/usr/lib/gcc/avr/5.4.0/../../../avr/lib/avr5/libm.a(fp_inf.o)
                              /usr/lib/gcc/avr/5.4.0/../../../avr/lib/avr5/libm.a(mulsf3x.o) (__fp_inf)
/usr/lib/gcc/avr/5.4.0/../../../avr/lib/avr5/libm.a(fp_nan.o)
                              /usr/lib/gcc/avr/5.4.0/../../../avr/lib/avr5/libm.a(mulsf3x.o) (__fp_nan)
/usr/lib/gcc/avr/5.4.0/../../../avr/lib/avr5/libm.a(fp_pscA.o)
                              /usr/lib/gcc/avr/5.4.0/../../../avr/lib/avr5/libm.a(mulsf3x.o) (__fp_pscA)
/usr/lib/gcc/avr/5.4.0/../../../avr/lib/avr5/libm.a(fp_pscB.o)
                              /usr/lib/gcc/avr/5.4.0/../../../avr/lib/avr5/libm.a(mulsf3x.o) (__fp_pscB)
/usr/lib/gcc/avr/5.4.0/../../../avr/lib/avr5/libm.a(fp_round.o)
                              /usr/lib/gcc/avr/5.4.0/../../../avr/lib/avr5/libm.a(mulsf3.o) (__fp_round)
/usr/lib/gcc/avr/5.4.0/../../../avr/lib/avr5/libm.a(fp_split3.o)
                              /usr/lib/gcc/avr/5.4.0/../../../avr/lib/avr5/libm.a(mulsf3x.o) (__fp_split3)
/usr/lib/gcc/avr/5.4.0/../../../avr/lib/avr5/libm.a(fp_zero.o)
                              /usr/lib/gcc/avr/5.4.0/../../../avr/lib/avr5/libm.a(mulsf3x.o) (__fp_szero)
/usr/lib/gcc/avr/5.4.0/avr5/libgcc.a(_exit.o)
                              /usr/lib/gcc/avr/5.4.0/../../../avr/lib/avr5/crtatmega328p.o (exit)
/usr/lib/gcc/avr/5.4.0/avr5/libgcc.a(_copy_data.o)
                              l5_3.o (__do_copy_data)
/usr/lib/gcc/avr/5.4.0/avr5/libgcc.a(_clear_bss.o)
                              l5_3.o (__do_clear_bss)
/usr/lib/gcc/avr/5.4.0/avr5/libgcc.a(_prologue.o)
                              /usr/lib/gcc/avr/5.4.0/../../../avr/lib/avr5/libprintf_flt.a(vfprintf_flt.o) (__prologue_saves__)
/usr/lib/gcc/avr/5.4.0/avr5/libgcc.a(_epilogue.o)
                              /usr/lib/gcc/avr/5.4.0/../../../avr/lib/avr5/libprintf_flt.a(vfprintf_flt.o) (__epilogue_restores__)
/usr/lib/gcc/avr/5.4.0/../../../avr/lib/avr5/libm.a(addsf3.o)
                              l5_3.o (__subsf3)
/usr/lib/gcc/avr/5.4.0/../../../avr/lib/avr5/libm.a(addsf3x.o)
                              /usr/lib/gcc/avr/5.4.0/../../../avr/lib/avr5/libm.a(addsf3.o) (__addsf3x)
/usr/lib/gcc/avr/5.4.0/../../../avr/lib/avr5/libm.a(divsf3.o)
                              l5_3.o (__divsf3)
/usr/lib/gcc/avr/5.4.0/../../../avr/lib/avr5/libm.a(divsf3x.o)
                              /usr/lib/gcc/avr/5.4.0/../../../avr/lib/avr5/libm.a(divsf3.o) (__divsf3x)
/usr/lib/gcc/avr/5.4.0/../../../avr/lib/avr5/libc.a(ftoa_engine.o)
                              /usr/lib/gcc/avr/5.4.0/../../../avr/lib/avr5/libprintf_flt.a(vfprintf_flt.o) (__ftoa_engine)
/usr/lib/gcc/avr/5.4.0/../../../avr/lib/avr5/libc.a(isspace.o)
                              /usr/lib/gcc/avr/5.4.0/../../../avr/lib/avr5/libscanf_flt.a(vfscanf_flt.o) (isspace)
/usr/lib/gcc/avr/5.4.0/../../../avr/lib/avr5/libc.a(tolower.o)
                              /usr/lib/gcc/avr/5.4.0/../../../avr/lib/avr5/libscanf_flt.a(vfscanf_flt.o) (tolower)
/usr/lib/gcc/avr/5.4.0/../../../avr/lib/avr5/libc.a(strchr_P.o)
                              /usr/lib/gcc/avr/5.4.0/../../../avr/lib/avr5/libscanf_flt.a(vfscanf_flt.o) (strchr_P)
/usr/lib/gcc/avr/5.4.0/../../../avr/lib/avr5/libc.a(strnlen_P.o)
                              /usr/lib/gcc/avr/5.4.0/../../../avr/lib/avr5/libprintf_flt.a(vfprintf_flt.o) (strnlen_P)
/usr/lib/gcc/avr/5.4.0/../../../avr/lib/avr5/libc.a(strnlen.o)
                              /usr/lib/gcc/avr/5.4.0/../../../avr/lib/avr5/libprintf_flt.a(vfprintf_flt.o) (strnlen)
/usr/lib/gcc/avr/5.4.0/../../../avr/lib/avr5/libc.a(fgetc.o)
                              /usr/lib/gcc/avr/5.4.0/../../../avr/lib/avr5/libscanf_flt.a(vfscanf_flt.o) (fgetc)
/usr/lib/gcc/avr/5.4.0/../../../avr/lib/avr5/libc.a(fputc.o)
                              /usr/lib/gcc/avr/5.4.0/../../../avr/lib/avr5/libprintf_flt.a(vfprintf_flt.o) (fputc)
/usr/lib/gcc/avr/5.4.0/../../../avr/lib/avr5/libc.a(iob.o)
                              l5_3.o (__iob)
/usr/lib/gcc/avr/5.4.0/../../../avr/lib/avr5/libc.a(printf.o)
                              l5_3.o (printf)
/usr/lib/gcc/avr/5.4.0/../../../avr/lib/avr5/libc.a(ungetc.o)
                              /usr/lib/gcc/avr/5.4.0/../../../avr/lib/avr5/libscanf_flt.a(vfscanf_flt.o) (ungetc)
/usr/lib/gcc/avr/5.4.0/../../../avr/lib/avr5/libc.a(ultoa_invert.o)
                              /usr/lib/gcc/avr/5.4.0/../../../avr/lib/avr5/libprintf_flt.a(vfprintf_flt.o) (__ultoa_invert)
/usr/lib/gcc/avr/5.4.0/../../../avr/lib/avr5/libc.a(cty_isfalse.o)
                              /usr/lib/gcc/avr/5.4.0/../../../avr/lib/avr5/libc.a(isspace.o) (__ctype_isfalse)

Allocating common symbols
Common symbol       size              file

uart_file           0xe               l5_3.o
tab2                0x200             l5_3.o
__iob               0x6               /usr/lib/gcc/avr/5.4.0/../../../avr/lib/avr5/libc.a(iob.o)
tab1                0x200             l5_3.o

Memory Configuration

Name             Origin             Length             Attributes
text             0x0000000000000000 0x0000000000020000 xr
data             0x0000000000800060 0x000000000000ffa0 rw !x
eeprom           0x0000000000810000 0x0000000000010000 rw !x
fuse             0x0000000000820000 0x0000000000000003 rw !x
lock             0x0000000000830000 0x0000000000000400 rw !x
signature        0x0000000000840000 0x0000000000000400 rw !x
user_signatures  0x0000000000850000 0x0000000000000400 rw !x
*default*        0x0000000000000000 0xffffffffffffffff

Linker script and memory map

Address of section .data set to 0x800100
LOAD /usr/lib/gcc/avr/5.4.0/../../../avr/lib/avr5/crtatmega328p.o
LOAD /usr/lib/gcc/avr/5.4.0/../../../avr/lib/avr5/libprintf_flt.a
LOAD /usr/lib/gcc/avr/5.4.0/../../../avr/lib/avr5/libm.a
LOAD /usr/lib/gcc/avr/5.4.0/../../../avr/lib/avr5/libscanf_flt.a
LOAD /usr/lib/gcc/avr/5.4.0/../../../avr/lib/avr5/libm.a
LOAD l5_3.o
START GROUP
LOAD /usr/lib/gcc/avr/5.4.0/avr5/libgcc.a
LOAD /usr/lib/gcc/avr/5.4.0/../../../avr/lib/avr5/libm.a
LOAD /usr/lib/gcc/avr/5.4.0/../../../avr/lib/avr5/libc.a
LOAD /usr/lib/gcc/avr/5.4.0/../../../avr/lib/avr5/libatmega328p.a
END GROUP
                0x0000000000020000                __TEXT_REGION_LENGTH__ = DEFINED (__TEXT_REGION_LENGTH__)?__TEXT_REGION_LENGTH__:0x20000
                0x000000000000ffa0                __DATA_REGION_LENGTH__ = DEFINED (__DATA_REGION_LENGTH__)?__DATA_REGION_LENGTH__:0xffa0
                0x0000000000010000                __EEPROM_REGION_LENGTH__ = DEFINED (__EEPROM_REGION_LENGTH__)?__EEPROM_REGION_LENGTH__:0x10000
                [0x0000000000000003]                __FUSE_REGION_LENGTH__ = DEFINED (__FUSE_REGION_LENGTH__)?__FUSE_REGION_LENGTH__:0x400
                0x0000000000000400                __LOCK_REGION_LENGTH__ = DEFINED (__LOCK_REGION_LENGTH__)?__LOCK_REGION_LENGTH__:0x400
                0x0000000000000400                __SIGNATURE_REGION_LENGTH__ = DEFINED (__SIGNATURE_REGION_LENGTH__)?__SIGNATURE_REGION_LENGTH__:0x400
                0x0000000000000400                __USER_SIGNATURE_REGION_LENGTH__ = DEFINED (__USER_SIGNATURE_REGION_LENGTH__)?__USER_SIGNATURE_REGION_LENGTH__:0x400

.hash
 *(.hash)

.dynsym
 *(.dynsym)

.dynstr
 *(.dynstr)

.gnu.version
 *(.gnu.version)

.gnu.version_d
 *(.gnu.version_d)

.gnu.version_r
 *(.gnu.version_r)

.rel.init
 *(.rel.init)

.rela.init
 *(.rela.init)

.rel.text
 *(.rel.text)
 *(.rel.text.*)
 *(.rel.gnu.linkonce.t*)

.rela.text
 *(.rela.text)
 *(.rela.text.*)
 *(.rela.gnu.linkonce.t*)

.rel.fini
 *(.rel.fini)

.rela.fini
 *(.rela.fini)

.rel.rodata
 *(.rel.rodata)
 *(.rel.rodata.*)
 *(.rel.gnu.linkonce.r*)

.rela.rodata
 *(.rela.rodata)
 *(.rela.rodata.*)
 *(.rela.gnu.linkonce.r*)

.rel.data
 *(.rel.data)
 *(.rel.data.*)
 *(.rel.gnu.linkonce.d*)

.rela.data
 *(.rela.data)
 *(.rela.data.*)
 *(.rela.gnu.linkonce.d*)

.rel.ctors
 *(.rel.ctors)

.rela.ctors
 *(.rela.ctors)

.rel.dtors
 *(.rel.dtors)

.rela.dtors
 *(.rela.dtors)

.rel.got
 *(.rel.got)

.rela.got
 *(.rela.got)

.rel.bss
 *(.rel.bss)

.rela.bss
 *(.rela.bss)

.rel.plt
 *(.rel.plt)

.rela.plt
 *(.rela.plt)

.text           0x0000000000000000     0x1d38
 *(.vectors)
 .vectors       0x0000000000000000       0x68 /usr/lib/gcc/avr/5.4.0/../../../avr/lib/avr5/crtatmega328p.o
                0x0000000000000000                __vectors
                0x0000000000000000                __vector_default
 *(.vectors)
 *(.progmem.gcc*)
                0x0000000000000068                . = ALIGN (0x2)
                0x0000000000000068                __trampolines_start = .
 *(.trampolines)
 .trampolines   0x0000000000000068        0x0 linker stubs
 *(.trampolines*)
                0x0000000000000068                __trampolines_end = .
 *libprintf_flt.a:*(.progmem.data)
 .progmem.data  0x0000000000000068        0x8 /usr/lib/gcc/avr/5.4.0/../../../avr/lib/avr5/libprintf_flt.a(vfprintf_flt.o)
 *libc.a:*(.progmem.data)
 .progmem.data  0x0000000000000070       0xfa /usr/lib/gcc/avr/5.4.0/../../../avr/lib/avr5/libc.a(ftoa_engine.o)
 *(.progmem*)
 .progmem.data  0x000000000000016a       0x4d /usr/lib/gcc/avr/5.4.0/../../../avr/lib/avr5/libscanf_flt.a(vfscanf_flt.o)
                0x00000000000001b8                . = ALIGN (0x2)
 *fill*         0x00000000000001b7        0x1 
 *(.jumptables)
 *(.jumptables*)
 *(.lowtext)
 *(.lowtext*)
                0x00000000000001b8                __ctors_start = .
 *(.ctors)
                0x00000000000001b8                __ctors_end = .
                0x00000000000001b8                __dtors_start = .
 *(.dtors)
                0x00000000000001b8                __dtors_end = .
 SORT(*)(.ctors)
 SORT(*)(.dtors)
 *(.init0)
 .init0         0x00000000000001b8        0x0 /usr/lib/gcc/avr/5.4.0/../../../avr/lib/avr5/crtatmega328p.o
                0x00000000000001b8                __init
 *(.init0)
 *(.init1)
 *(.init1)
 *(.init2)
 .init2         0x00000000000001b8        0xc /usr/lib/gcc/avr/5.4.0/../../../avr/lib/avr5/crtatmega328p.o
 *(.init2)
 *(.init3)
 *(.init3)
 *(.init4)
 .init4         0x00000000000001c4       0x16 /usr/lib/gcc/avr/5.4.0/avr5/libgcc.a(_copy_data.o)
                0x00000000000001c4                __do_copy_data
 .init4         0x00000000000001da       0x10 /usr/lib/gcc/avr/5.4.0/avr5/libgcc.a(_clear_bss.o)
                0x00000000000001da                __do_clear_bss
 *(.init4)
 *(.init5)
 *(.init5)
 *(.init6)
 *(.init6)
 *(.init7)
 *(.init7)
 *(.init8)
 *(.init8)
 *(.init9)
 .init9         0x00000000000001ea        0x8 /usr/lib/gcc/avr/5.4.0/../../../avr/lib/avr5/crtatmega328p.o
 *(.init9)
 *(.text)
 .text          0x00000000000001f2        0x4 /usr/lib/gcc/avr/5.4.0/../../../avr/lib/avr5/crtatmega328p.o
                0x00000000000001f2                __vector_22
                0x00000000000001f2                __vector_1
                0x00000000000001f2                __vector_24
                0x00000000000001f2                __vector_12
                0x00000000000001f2                __bad_interrupt
                0x00000000000001f2                __vector_6
                0x00000000000001f2                __vector_3
                0x00000000000001f2                __vector_23
                0x00000000000001f2                __vector_25
                0x00000000000001f2                __vector_11
                0x00000000000001f2                __vector_13
                0x00000000000001f2                __vector_17
                0x00000000000001f2                __vector_19
                0x00000000000001f2                __vector_7
                0x00000000000001f2                __vector_5
                0x00000000000001f2                __vector_4
                0x00000000000001f2                __vector_9
                0x00000000000001f2                __vector_2
                0x00000000000001f2                __vector_15
                0x00000000000001f2                __vector_8
                0x00000000000001f2                __vector_14
                0x00000000000001f2                __vector_10
                0x00000000000001f2                __vector_16
                0x00000000000001f2                __vector_18
                0x00000000000001f2                __vector_20
 .text          0x00000000000001f6        0x0 /usr/lib/gcc/avr/5.4.0/../../../avr/lib/avr5/libprintf_flt.a(vfprintf_flt.o)
 .text          0x00000000000001f6        0x0 /usr/lib/gcc/avr/5.4.0/../../../avr/lib/avr5/libscanf_flt.a(vfscanf_flt.o)
 .text          0x00000000000001f6        0x0 /usr/lib/gcc/avr/5.4.0/../../../avr/lib/avr5/libm.a(floatsisf.o)
 .text          0x00000000000001f6        0x0 /usr/lib/gcc/avr/5.4.0/../../../avr/lib/avr5/libm.a(mulsf3.o)
 .text          0x00000000000001f6        0x0 /usr/lib/gcc/avr/5.4.0/../../../avr/lib/avr5/libm.a(mulsf3x.o)
 .text          0x00000000000001f6        0x0 /usr/lib/gcc/avr/5.4.0/../../../avr/lib/avr5/libm.a(fp_inf.o)
 .text          0x00000000000001f6        0x0 /usr/lib/gcc/avr/5.4.0/../../../avr/lib/avr5/libm.a(fp_nan.o)
 .text          0x00000000000001f6        0x0 /usr/lib/gcc/avr/5.4.0/../../../avr/lib/avr5/libm.a(fp_pscA.o)
 .text          0x00000000000001f6        0x0 /usr/lib/gcc/avr/5.4.0/../../../avr/lib/avr5/libm.a(fp_pscB.o)
 .text          0x00000000000001f6        0x0 /usr/lib/gcc/avr/5.4.0/../../../avr/lib/avr5/libm.a(fp_round.o)
 .text          0x00000000000001f6        0x0 /usr/lib/gcc/avr/5.4.0/../../../avr/lib/avr5/libm.a(fp_split3.o)
 .text          0x00000000000001f6        0x0 /usr/lib/gcc/avr/5.4.0/../../../avr/lib/avr5/libm.a(fp_zero.o)
 .text          0x00000000000001f6       0xec l5_3.o
                0x00000000000001f6                uart_transmit
                0x0000000000000208                uart_receive
                0x0000000000000218                uart_init
                0x0000000000000232                adc_init
                0x0000000000000248                __vector_21
                0x00000000000002d8                pot
 .text          0x00000000000002e2        0x0 /usr/lib/gcc/avr/5.4.0/avr5/libgcc.a(_exit.o)
 .text          0x00000000000002e2        0x0 /usr/lib/gcc/avr/5.4.0/avr5/libgcc.a(_copy_data.o)
 .text          0x00000000000002e2        0x0 /usr/lib/gcc/avr/5.4.0/avr5/libgcc.a(_clear_bss.o)
 .text          0x00000000000002e2        0x0 /usr/lib/gcc/avr/5.4.0/avr5/libgcc.a(_prologue.o)
 .text          0x00000000000002e2        0x0 /usr/lib/gcc/avr/5.4.0/avr5/libgcc.a(_epilogue.o)
 .text          0x00000000000002e2        0x0 /usr/lib/gcc/avr/5.4.0/../../../avr/lib/avr5/libm.a(addsf3.o)
 .text          0x00000000000002e2        0x0 /usr/lib/gcc/avr/5.4.0/../../../avr/lib/avr5/libm.a(addsf3x.o)
 .text          0x00000000000002e2        0x0 /usr/lib/gcc/avr/5.4.0/../../../avr/lib/avr5/libm.a(divsf3.o)
 .text          0x00000000000002e2        0x0 /usr/lib/gcc/avr/5.4.0/../../../avr/lib/avr5/libm.a(divsf3x.o)
 .text          0x00000000000002e2        0x0 /usr/lib/gcc/avr/5.4.0/../../../avr/lib/avr5/libc.a(ftoa_engine.o)
 .text          0x00000000000002e2        0x0 /usr/lib/gcc/avr/5.4.0/../../../avr/lib/avr5/libc.a(isspace.o)
 .text          0x00000000000002e2        0x0 /usr/lib/gcc/avr/5.4.0/../../../avr/lib/avr5/libc.a(tolower.o)
 .text          0x00000000000002e2        0x0 /usr/lib/gcc/avr/5.4.0/../../../avr/lib/avr5/libc.a(strchr_P.o)
 .text          0x00000000000002e2        0x0 /usr/lib/gcc/avr/5.4.0/../../../avr/lib/avr5/libc.a(strnlen_P.o)
 .text          0x00000000000002e2        0x0 /usr/lib/gcc/avr/5.4.0/../../../avr/lib/avr5/libc.a(strnlen.o)
 .text          0x00000000000002e2        0x0 /usr/lib/gcc/avr/5.4.0/../../../avr/lib/avr5/libc.a(fgetc.o)
 .text          0x00000000000002e2        0x0 /usr/lib/gcc/avr/5.4.0/../../../avr/lib/avr5/libc.a(fputc.o)
 .text          0x00000000000002e2        0x0 /usr/lib/gcc/avr/5.4.0/../../../avr/lib/avr5/libc.a(iob.o)
 .text          0x00000000000002e2        0x0 /usr/lib/gcc/avr/5.4.0/../../../avr/lib/avr5/libc.a(printf.o)
 .text          0x00000000000002e2        0x0 /usr/lib/gcc/avr/5.4.0/../../../avr/lib/avr5/libc.a(ungetc.o)
 .text          0x00000000000002e2        0x0 /usr/lib/gcc/avr/5.4.0/../../../avr/lib/avr5/libc.a(ultoa_invert.o)
 .text          0x00000000000002e2        0x0 /usr/lib/gcc/avr/5.4.0/../../../avr/lib/avr5/libc.a(cty_isfalse.o)
                0x00000000000002e2                . = ALIGN (0x2)
 *(.text.*)
 .text.avr-libc
                0x00000000000002e2      0x6fa /usr/lib/gcc/avr/5.4.0/../../../avr/lib/avr5/libprintf_flt.a(vfprintf_flt.o)
                0x00000000000002e2                vfprintf
 .text.avr-libc
                0x00000000000009dc      0x81c /usr/lib/gcc/avr/5.4.0/../../../avr/lib/avr5/libscanf_flt.a(vfscanf_flt.o)
                0x0000000000000f94                vfscanf
 .text.avr-libc.fplib
                0x00000000000011f8       0x7a /usr/lib/gcc/avr/5.4.0/../../../avr/lib/avr5/libm.a(floatsisf.o)
                0x00000000000011f8                __floatunsisf
                0x00000000000011fc                __floatsisf
 .text.avr-libc.fplib
                0x0000000000001272        0x8 /usr/lib/gcc/avr/5.4.0/../../../avr/lib/avr5/libm.a(mulsf3.o)
                0x0000000000001272                __mulsf3
 .text.avr-libc.fplib
                0x000000000000127a       0xd2 /usr/lib/gcc/avr/5.4.0/../../../avr/lib/avr5/libm.a(mulsf3x.o)
                0x0000000000001298                __mulsf3x
                0x000000000000129e                __mulsf3_pse
 .text.avr-libc.fplib
                0x000000000000134c        0xc /usr/lib/gcc/avr/5.4.0/../../../avr/lib/avr5/libm.a(fp_inf.o)
                0x000000000000134c                __fp_inf
 .text.avr-libc.fplib
                0x0000000000001358        0x6 /usr/lib/gcc/avr/5.4.0/../../../avr/lib/avr5/libm.a(fp_nan.o)
                0x0000000000001358                __fp_nan
 .text.avr-libc.fplib
                0x000000000000135e        0xe /usr/lib/gcc/avr/5.4.0/../../../avr/lib/avr5/libm.a(fp_pscA.o)
                0x000000000000135e                __fp_pscA
 .text.avr-libc.fplib
                0x000000000000136c        0xe /usr/lib/gcc/avr/5.4.0/../../../avr/lib/avr5/libm.a(fp_pscB.o)
                0x000000000000136c                __fp_pscB
 .text.avr-libc.fplib
                0x000000000000137a       0x22 /usr/lib/gcc/avr/5.4.0/../../../avr/lib/avr5/libm.a(fp_round.o)
                0x000000000000137a                __fp_round
 .text.avr-libc.fplib
                0x000000000000139c       0x44 /usr/lib/gcc/avr/5.4.0/../../../avr/lib/avr5/libm.a(fp_split3.o)
                0x000000000000139c                __fp_split3
                0x00000000000013ac                __fp_splitA
 .text.avr-libc.fplib
                0x00000000000013e0        0xe /usr/lib/gcc/avr/5.4.0/../../../avr/lib/avr5/libm.a(fp_zero.o)
                0x00000000000013e0                __fp_zero
                0x00000000000013e2                __fp_szero
 .text.startup  0x00000000000013ee      0x2f2 l5_3.o
                0x00000000000013ee                main
 .text.libgcc.mul
                0x00000000000016e0        0x0 /usr/lib/gcc/avr/5.4.0/avr5/libgcc.a(_exit.o)
 .text.libgcc.div
                0x00000000000016e0        0x0 /usr/lib/gcc/avr/5.4.0/avr5/libgcc.a(_exit.o)
 .text.libgcc   0x00000000000016e0        0x0 /usr/lib/gcc/avr/5.4.0/avr5/libgcc.a(_exit.o)
 .text.libgcc.prologue
                0x00000000000016e0        0x0 /usr/lib/gcc/avr/5.4.0/avr5/libgcc.a(_exit.o)
 .text.libgcc.builtins
                0x00000000000016e0        0x0 /usr/lib/gcc/avr/5.4.0/avr5/libgcc.a(_exit.o)
 .text.libgcc.fmul
                0x00000000000016e0        0x0 /usr/lib/gcc/avr/5.4.0/avr5/libgcc.a(_exit.o)
 .text.libgcc.fixed
                0x00000000000016e0        0x0 /usr/lib/gcc/avr/5.4.0/avr5/libgcc.a(_exit.o)
 .text.libgcc.mul
                0x00000000000016e0        0x0 /usr/lib/gcc/avr/5.4.0/avr5/libgcc.a(_copy_data.o)
 .text.libgcc.div
                0x00000000000016e0        0x0 /usr/lib/gcc/avr/5.4.0/avr5/libgcc.a(_copy_data.o)
 .text.libgcc   0x00000000000016e0        0x0 /usr/lib/gcc/avr/5.4.0/avr5/libgcc.a(_copy_data.o)
 .text.libgcc.prologue
                0x00000000000016e0        0x0 /usr/lib/gcc/avr/5.4.0/avr5/libgcc.a(_copy_data.o)
 .text.libgcc.builtins
                0x00000000000016e0        0x0 /usr/lib/gcc/avr/5.4.0/avr5/libgcc.a(_copy_data.o)
 .text.libgcc.fmul
                0x00000000000016e0        0x0 /usr/lib/gcc/avr/5.4.0/avr5/libgcc.a(_copy_data.o)
 .text.libgcc.fixed
                0x00000000000016e0        0x0 /usr/lib/gcc/avr/5.4.0/avr5/libgcc.a(_copy_data.o)
 .text.libgcc.mul
                0x00000000000016e0        0x0 /usr/lib/gcc/avr/5.4.0/avr5/libgcc.a(_clear_bss.o)
 .text.libgcc.div
                0x00000000000016e0        0x0 /usr/lib/gcc/avr/5.4.0/avr5/libgcc.a(_clear_bss.o)
 .text.libgcc   0x00000000000016e0        0x0 /usr/lib/gcc/avr/5.4.0/avr5/libgcc.a(_clear_bss.o)
 .text.libgcc.prologue
                0x00000000000016e0        0x0 /usr/lib/gcc/avr/5.4.0/avr5/libgcc.a(_clear_bss.o)
 .text.libgcc.builtins
                0x00000000000016e0        0x0 /usr/lib/gcc/avr/5.4.0/avr5/libgcc.a(_clear_bss.o)
 .text.libgcc.fmul
                0x00000000000016e0        0x0 /usr/lib/gcc/avr/5.4.0/avr5/libgcc.a(_clear_bss.o)
 .text.libgcc.fixed
                0x00000000000016e0        0x0 /usr/lib/gcc/avr/5.4.0/avr5/libgcc.a(_clear_bss.o)
 .text.libgcc.mul
                0x00000000000016e0        0x0 /usr/lib/gcc/avr/5.4.0/avr5/libgcc.a(_prologue.o)
 .text.libgcc.div
                0x00000000000016e0        0x0 /usr/lib/gcc/avr/5.4.0/avr5/libgcc.a(_prologue.o)
 .text.libgcc   0x00000000000016e0        0x0 /usr/lib/gcc/avr/5.4.0/avr5/libgcc.a(_prologue.o)
 .text.libgcc.prologue
                0x00000000000016e0       0x38 /usr/lib/gcc/avr/5.4.0/avr5/libgcc.a(_prologue.o)
                0x00000000000016e0                __prologue_saves__
 .text.libgcc.builtins
                0x0000000000001718        0x0 /usr/lib/gcc/avr/5.4.0/avr5/libgcc.a(_prologue.o)
 .text.libgcc.fmul
                0x0000000000001718        0x0 /usr/lib/gcc/avr/5.4.0/avr5/libgcc.a(_prologue.o)
 .text.libgcc.fixed
                0x0000000000001718        0x0 /usr/lib/gcc/avr/5.4.0/avr5/libgcc.a(_prologue.o)
 .text.libgcc.mul
                0x0000000000001718        0x0 /usr/lib/gcc/avr/5.4.0/avr5/libgcc.a(_epilogue.o)
 .text.libgcc.div
                0x0000000000001718        0x0 /usr/lib/gcc/avr/5.4.0/avr5/libgcc.a(_epilogue.o)
 .text.libgcc   0x0000000000001718        0x0 /usr/lib/gcc/avr/5.4.0/avr5/libgcc.a(_epilogue.o)
 .text.libgcc.prologue
                0x0000000000001718       0x36 /usr/lib/gcc/avr/5.4.0/avr5/libgcc.a(_epilogue.o)
                0x0000000000001718                __epilogue_restores__
 .text.libgcc.builtins
                0x000000000000174e        0x0 /usr/lib/gcc/avr/5.4.0/avr5/libgcc.a(_epilogue.o)
 .text.libgcc.fmul
                0x000000000000174e        0x0 /usr/lib/gcc/avr/5.4.0/avr5/libgcc.a(_epilogue.o)
 .text.libgcc.fixed
                0x000000000000174e        0x0 /usr/lib/gcc/avr/5.4.0/avr5/libgcc.a(_epilogue.o)
 .text.avr-libc.fplib
                0x000000000000174e        0xe /usr/lib/gcc/avr/5.4.0/../../../avr/lib/avr5/libm.a(addsf3.o)
                0x000000000000174e                __subsf3
                0x0000000000001750                __addsf3
 .text.avr-libc.fplib
                0x000000000000175c       0xcc /usr/lib/gcc/avr/5.4.0/../../../avr/lib/avr5/libm.a(addsf3x.o)
                0x000000000000177e                __addsf3x
 .text.avr-libc.fplib
                0x0000000000001828        0x8 /usr/lib/gcc/avr/5.4.0/../../../avr/lib/avr5/libm.a(divsf3.o)
                0x0000000000001828                __divsf3
 .text.avr-libc.fplib
                0x0000000000001830       0xdc /usr/lib/gcc/avr/5.4.0/../../../avr/lib/avr5/libm.a(divsf3x.o)
                0x0000000000001850                __divsf3x
                0x0000000000001856                __divsf3_pse
 .text.avr-libc
                0x000000000000190c      0x1b0 /usr/lib/gcc/avr/5.4.0/../../../avr/lib/avr5/libc.a(ftoa_engine.o)
                0x000000000000190c                __ftoa_engine
 .text.avr-libc
                0x0000000000001abc       0x12 /usr/lib/gcc/avr/5.4.0/../../../avr/lib/avr5/libc.a(isspace.o)
                0x0000000000001abc                isspace
 .text.avr-libc
                0x0000000000001ace       0x10 /usr/lib/gcc/avr/5.4.0/../../../avr/lib/avr5/libc.a(tolower.o)
                0x0000000000001ace                tolower
 .text.avr-libc
                0x0000000000001ade       0x16 /usr/lib/gcc/avr/5.4.0/../../../avr/lib/avr5/libc.a(strchr_P.o)
                0x0000000000001ade                strchr_P
 .text.avr-libc
                0x0000000000001af4       0x16 /usr/lib/gcc/avr/5.4.0/../../../avr/lib/avr5/libc.a(strnlen_P.o)
                0x0000000000001af4                strnlen_P
 .text.avr-libc
                0x0000000000001b0a       0x16 /usr/lib/gcc/avr/5.4.0/../../../avr/lib/avr5/libc.a(strnlen.o)
                0x0000000000001b0a                strnlen
 .text.avr-libc
                0x0000000000001b20       0x7c /usr/lib/gcc/avr/5.4.0/../../../avr/lib/avr5/libc.a(fgetc.o)
                0x0000000000001b20                fgetc
 .text.avr-libc
                0x0000000000001b9c       0x78 /usr/lib/gcc/avr/5.4.0/../../../avr/lib/avr5/libc.a(fputc.o)
                0x0000000000001b9c                fputc
 .text.avr-libc
                0x0000000000001c14       0x2c /usr/lib/gcc/avr/5.4.0/../../../avr/lib/avr5/libc.a(printf.o)
                0x0000000000001c14                printf
 .text.avr-libc
                0x0000000000001c40       0x32 /usr/lib/gcc/avr/5.4.0/../../../avr/lib/avr5/libc.a(ungetc.o)
                0x0000000000001c40                ungetc
 .text.avr-libc
                0x0000000000001c72       0xbc /usr/lib/gcc/avr/5.4.0/../../../avr/lib/avr5/libc.a(ultoa_invert.o)
                0x0000000000001c72                __ultoa_invert
 .text.avr-libc
                0x0000000000001d2e        0x6 /usr/lib/gcc/avr/5.4.0/../../../avr/lib/avr5/libc.a(cty_isfalse.o)
                0x0000000000001d2e                __ctype_isfalse
                0x0000000000001d32                __ctype_istrue
                0x0000000000001d34                . = ALIGN (0x2)
 *(.fini9)
 .fini9         0x0000000000001d34        0x0 /usr/lib/gcc/avr/5.4.0/avr5/libgcc.a(_exit.o)
                0x0000000000001d34                exit
                0x0000000000001d34                _exit
 *(.fini9)
 *(.fini8)
 *(.fini8)
 *(.fini7)
 *(.fini7)
 *(.fini6)
 *(.fini6)
 *(.fini5)
 *(.fini5)
 *(.fini4)
 *(.fini4)
 *(.fini3)
 *(.fini3)
 *(.fini2)
 *(.fini2)
 *(.fini1)
 *(.fini1)
 *(.fini0)
 .fini0         0x0000000000001d34        0x4 /usr/lib/gcc/avr/5.4.0/avr5/libgcc.a(_exit.o)
 *(.fini0)
                0x0000000000001d38                _etext = .

.data           0x0000000000800100        0x8 load address 0x0000000000001d38
                0x0000000000800100                PROVIDE (__data_start, .)
 *(.data)
 .data          0x0000000000800100        0x0 /usr/lib/gcc/avr/5.4.0/../../../avr/lib/avr5/crtatmega328p.o
 .data          0x0000000000800100        0x0 /usr/lib/gcc/avr/5.4.0/../../../avr/lib/avr5/libprintf_flt.a(vfprintf_flt.o)
 .data          0x0000000000800100        0x0 /usr/lib/gcc/avr/5.4.0/../../../avr/lib/avr5/libscanf_flt.a(vfscanf_flt.o)
 .data          0x0000000000800100        0x0 /usr/lib/gcc/avr/5.4.0/../../../avr/lib/avr5/libm.a(floatsisf.o)
 .data          0x0000000000800100        0x0 /usr/lib/gcc/avr/5.4.0/../../../avr/lib/avr5/libm.a(mulsf3.o)
 .data          0x0000000000800100        0x0 /usr/lib/gcc/avr/5.4.0/../../../avr/lib/avr5/libm.a(mulsf3x.o)
 .data          0x0000000000800100        0x0 /usr/lib/gcc/avr/5.4.0/../../../avr/lib/avr5/libm.a(fp_inf.o)
 .data          0x0000000000800100        0x0 /usr/lib/gcc/avr/5.4.0/../../../avr/lib/avr5/libm.a(fp_nan.o)
 .data          0x0000000000800100        0x0 /usr/lib/gcc/avr/5.4.0/../../../avr/lib/avr5/libm.a(fp_pscA.o)
 .data          0x0000000000800100        0x0 /usr/lib/gcc/avr/5.4.0/../../../avr/lib/avr5/libm.a(fp_pscB.o)
 .data          0x0000000000800100        0x0 /usr/lib/gcc/avr/5.4.0/../../../avr/lib/avr5/libm.a(fp_round.o)
 .data          0x0000000000800100        0x0 /usr/lib/gcc/avr/5.4.0/../../../avr/lib/avr5/libm.a(fp_split3.o)
 .data          0x0000000000800100        0x0 /usr/lib/gcc/avr/5.4.0/../../../avr/lib/avr5/libm.a(fp_zero.o)
 .data          0x0000000000800100        0x0 l5_3.o
 .data          0x0000000000800100        0x0 /usr/lib/gcc/avr/5.4.0/avr5/libgcc.a(_exit.o)
 .data          0x0000000000800100        0x0 /usr/lib/gcc/avr/5.4.0/avr5/libgcc.a(_copy_data.o)
 .data          0x0000000000800100        0x0 /usr/lib/gcc/avr/5.4.0/avr5/libgcc.a(_clear_bss.o)
 .data          0x0000000000800100        0x0 /usr/lib/gcc/avr/5.4.0/avr5/libgcc.a(_prologue.o)
 .data          0x0000000000800100        0x0 /usr/lib/gcc/avr/5.4.0/avr5/libgcc.a(_epilogue.o)
 .data          0x0000000000800100        0x0 /usr/lib/gcc/avr/5.4.0/../../../avr/lib/avr5/libm.a(addsf3.o)
 .data          0x0000000000800100        0x0 /usr/lib/gcc/avr/5.4.0/../../../avr/lib/avr5/libm.a(addsf3x.o)
 .data          0x0000000000800100        0x0 /usr/lib/gcc/avr/5.4.0/../../../avr/lib/avr5/libm.a(divsf3.o)
 .data          0x0000000000800100        0x0 /usr/lib/gcc/avr/5.4.0/../../../avr/lib/avr5/libm.a(divsf3x.o)
 .data          0x0000000000800100        0x0 /usr/lib/gcc/avr/5.4.0/../../../avr/lib/avr5/libc.a(ftoa_engine.o)
 .data          0x0000000000800100        0x0 /usr/lib/gcc/avr/5.4.0/../../../avr/lib/avr5/libc.a(isspace.o)
 .data          0x0000000000800100        0x0 /usr/lib/gcc/avr/5.4.0/../../../avr/lib/avr5/libc.a(tolower.o)
 .data          0x0000000000800100        0x0 /usr/lib/gcc/avr/5.4.0/../../../avr/lib/avr5/libc.a(strchr_P.o)
 .data          0x0000000000800100        0x0 /usr/lib/gcc/avr/5.4.0/../../../avr/lib/avr5/libc.a(strnlen_P.o)
 .data          0x0000000000800100        0x0 /usr/lib/gcc/avr/5.4.0/../../../avr/lib/avr5/libc.a(strnlen.o)
 .data          0x0000000000800100        0x0 /usr/lib/gcc/avr/5.4.0/../../../avr/lib/avr5/libc.a(fgetc.o)
 .data          0x0000000000800100        0x0 /usr/lib/gcc/avr/5.4.0/../../../avr/lib/avr5/libc.a(fputc.o)
 .data          0x0000000000800100        0x0 /usr/lib/gcc/avr/5.4.0/../../../avr/lib/avr5/libc.a(iob.o)
 .data          0x0000000000800100        0x0 /usr/lib/gcc/avr/5.4.0/../../../avr/lib/avr5/libc.a(printf.o)
 .data          0x0000000000800100        0x0 /usr/lib/gcc/avr/5.4.0/../../../avr/lib/avr5/libc.a(ungetc.o)
 .data          0x0000000000800100        0x0 /usr/lib/gcc/avr/5.4.0/../../../avr/lib/avr5/libc.a(ultoa_invert.o)
 .data          0x0000000000800100        0x0 /usr/lib/gcc/avr/5.4.0/../../../avr/lib/avr5/libc.a(cty_isfalse.o)
 *(.data*)
 *(.rodata)
 *(.rodata*)
 .rodata.str1.1
                0x0000000000800100        0x8 l5_3.o
 *(.gnu.linkonce.d*)
                0x0000000000800108                . = ALIGN (0x2)
                0x0000000000800108                _edata = .
                0x0000000000800108                PROVIDE (__data_end, .)

.bss            0x0000000000800108      0x415
                0x0000000000800108                PROVIDE (__bss_start, .)
 *(.bss)
 .bss           0x0000000000800108        0x0 /usr/lib/gcc/avr/5.4.0/../../../avr/lib/avr5/crtatmega328p.o
 .bss           0x0000000000800108        0x0 /usr/lib/gcc/avr/5.4.0/../../../avr/lib/avr5/libprintf_flt.a(vfprintf_flt.o)
 .bss           0x0000000000800108        0x0 /usr/lib/gcc/avr/5.4.0/../../../avr/lib/avr5/libscanf_flt.a(vfscanf_flt.o)
 .bss           0x0000000000800108        0x0 /usr/lib/gcc/avr/5.4.0/../../../avr/lib/avr5/libm.a(floatsisf.o)
 .bss           0x0000000000800108        0x0 /usr/lib/gcc/avr/5.4.0/../../../avr/lib/avr5/libm.a(mulsf3.o)
 .bss           0x0000000000800108        0x0 /usr/lib/gcc/avr/5.4.0/../../../avr/lib/avr5/libm.a(mulsf3x.o)
 .bss           0x0000000000800108        0x0 /usr/lib/gcc/avr/5.4.0/../../../avr/lib/avr5/libm.a(fp_inf.o)
 .bss           0x0000000000800108        0x0 /usr/lib/gcc/avr/5.4.0/../../../avr/lib/avr5/libm.a(fp_nan.o)
 .bss           0x0000000000800108        0x0 /usr/lib/gcc/avr/5.4.0/../../../avr/lib/avr5/libm.a(fp_pscA.o)
 .bss           0x0000000000800108        0x0 /usr/lib/gcc/avr/5.4.0/../../../avr/lib/avr5/libm.a(fp_pscB.o)
 .bss           0x0000000000800108        0x0 /usr/lib/gcc/avr/5.4.0/../../../avr/lib/avr5/libm.a(fp_round.o)
 .bss           0x0000000000800108        0x0 /usr/lib/gcc/avr/5.4.0/../../../avr/lib/avr5/libm.a(fp_split3.o)
 .bss           0x0000000000800108        0x0 /usr/lib/gcc/avr/5.4.0/../../../avr/lib/avr5/libm.a(fp_zero.o)
 .bss           0x0000000000800108        0x1 l5_3.o
                0x0000000000800108                i2
 .bss           0x0000000000800109        0x0 /usr/lib/gcc/avr/5.4.0/avr5/libgcc.a(_exit.o)
 .bss           0x0000000000800109        0x0 /usr/lib/gcc/avr/5.4.0/avr5/libgcc.a(_copy_data.o)
 .bss           0x0000000000800109        0x0 /usr/lib/gcc/avr/5.4.0/avr5/libgcc.a(_clear_bss.o)
 .bss           0x0000000000800109        0x0 /usr/lib/gcc/avr/5.4.0/avr5/libgcc.a(_prologue.o)
 .bss           0x0000000000800109        0x0 /usr/lib/gcc/avr/5.4.0/avr5/libgcc.a(_epilogue.o)
 .bss           0x0000000000800109        0x0 /usr/lib/gcc/avr/5.4.0/../../../avr/lib/avr5/libm.a(addsf3.o)
 .bss           0x0000000000800109        0x0 /usr/lib/gcc/avr/5.4.0/../../../avr/lib/avr5/libm.a(addsf3x.o)
 .bss           0x0000000000800109        0x0 /usr/lib/gcc/avr/5.4.0/../../../avr/lib/avr5/libm.a(divsf3.o)
 .bss           0x0000000000800109        0x0 /usr/lib/gcc/avr/5.4.0/../../../avr/lib/avr5/libm.a(divsf3x.o)
 .bss           0x0000000000800109        0x0 /usr/lib/gcc/avr/5.4.0/../../../avr/lib/avr5/libc.a(ftoa_engine.o)
 .bss           0x0000000000800109        0x0 /usr/lib/gcc/avr/5.4.0/../../../avr/lib/avr5/libc.a(isspace.o)
 .bss           0x0000000000800109        0x0 /usr/lib/gcc/avr/5.4.0/../../../avr/lib/avr5/libc.a(tolower.o)
 .bss           0x0000000000800109        0x0 /usr/lib/gcc/avr/5.4.0/../../../avr/lib/avr5/libc.a(strchr_P.o)
 .bss           0x0000000000800109        0x0 /usr/lib/gcc/avr/5.4.0/../../../avr/lib/avr5/libc.a(strnlen_P.o)
 .bss           0x0000000000800109        0x0 /usr/lib/gcc/avr/5.4.0/../../../avr/lib/avr5/libc.a(strnlen.o)
 .bss           0x0000000000800109        0x0 /usr/lib/gcc/avr/5.4.0/../../../avr/lib/avr5/libc.a(fgetc.o)
 .bss           0x0000000000800109        0x0 /usr/lib/gcc/avr/5.4.0/../../../avr/lib/avr5/libc.a(fputc.o)
 .bss           0x0000000000800109        0x0 /usr/lib/gcc/avr/5.4.0/../../../avr/lib/avr5/libc.a(iob.o)
 .bss           0x0000000000800109        0x0 /usr/lib/gcc/avr/5.4.0/../../../avr/lib/avr5/libc.a(printf.o)
 .bss           0x0000000000800109        0x0 /usr/lib/gcc/avr/5.4.0/../../../avr/lib/avr5/libc.a(ungetc.o)
 .bss           0x0000000000800109        0x0 /usr/lib/gcc/avr/5.4.0/../../../avr/lib/avr5/libc.a(ultoa_invert.o)
 .bss           0x0000000000800109        0x0 /usr/lib/gcc/avr/5.4.0/../../../avr/lib/avr5/libc.a(cty_isfalse.o)
 *(.bss*)
 *(COMMON)
 COMMON         0x0000000000800109      0x40e l5_3.o
                0x0000000000800109                uart_file
                0x0000000000800117                tab2
                0x0000000000800317                tab1
 COMMON         0x0000000000800517        0x6 /usr/lib/gcc/avr/5.4.0/../../../avr/lib/avr5/libc.a(iob.o)
                0x0000000000800517                __iob
                0x000000000080051d                PROVIDE (__bss_end, .)
                0x0000000000001d38                __data_load_start = LOADADDR (.data)
                0x0000000000001d40                __data_load_end = (__data_load_start + SIZEOF (.data))

.noinit         0x000000000080051d        0x0
                [!provide]                        PROVIDE (__noinit_start, .)
 *(.noinit*)
                [!provide]                        PROVIDE (__noinit_end, .)
                0x000000000080051d                _end = .
                [!provide]                        PROVIDE (__heap_start, .)

.eeprom         0x0000000000810000        0x0
 *(.eeprom*)
                0x0000000000810000                __eeprom_end = .

.fuse
 *(.fuse)
 *(.lfuse)
 *(.hfuse)
 *(.efuse)

.lock
 *(.lock*)

.signature
 *(.signature*)

.user_signatures
 *(.user_signatures*)

.stab           0x0000000000000000      0xab0
 *(.stab)
 .stab          0x0000000000000000      0xab0 l5_3.o

.stabstr        0x0000000000000000      0xf79
 *(.stabstr)
 .stabstr       0x0000000000000000      0xf79 l5_3.o

.stab.excl
 *(.stab.excl)

.stab.exclstr
 *(.stab.exclstr)

.stab.index
 *(.stab.index)

.stab.indexstr
 *(.stab.indexstr)

.comment        0x0000000000000000       0x11
 *(.comment)
 .comment       0x0000000000000000       0x11 /usr/lib/gcc/avr/5.4.0/../../../avr/lib/avr5/libprintf_flt.a(vfprintf_flt.o)
                                         0x12 (size before relaxing)
 .comment       0x0000000000000011       0x12 /usr/lib/gcc/avr/5.4.0/../../../avr/lib/avr5/libscanf_flt.a(vfscanf_flt.o)
 .comment       0x0000000000000011       0x12 l5_3.o
 .comment       0x0000000000000011       0x12 /usr/lib/gcc/avr/5.4.0/../../../avr/lib/avr5/libc.a(fgetc.o)
 .comment       0x0000000000000011       0x12 /usr/lib/gcc/avr/5.4.0/../../../avr/lib/avr5/libc.a(fputc.o)
 .comment       0x0000000000000011       0x12 /usr/lib/gcc/avr/5.4.0/../../../avr/lib/avr5/libc.a(iob.o)
 .comment       0x0000000000000011       0x12 /usr/lib/gcc/avr/5.4.0/../../../avr/lib/avr5/libc.a(printf.o)
 .comment       0x0000000000000011       0x12 /usr/lib/gcc/avr/5.4.0/../../../avr/lib/avr5/libc.a(ungetc.o)

.note.gnu.avr.deviceinfo
                0x0000000000000000       0x40
 .note.gnu.avr.deviceinfo
                0x0000000000000000       0x40 /usr/lib/gcc/avr/5.4.0/../../../avr/lib/avr5/crtatmega328p.o

.note.gnu.build-id
 *(.note.gnu.build-id)

.debug
 *(.debug)

.line
 *(.line)

.debug_srcinfo
 *(.debug_srcinfo)

.debug_sfnames
 *(.debug_sfnames)

.debug_aranges
 *(.debug_aranges)

.debug_pubnames
 *(.debug_pubnames)

.debug_info     0x0000000000000000      0x5f4
 *(.debug_info .gnu.linkonce.wi.*)
 .debug_info    0x0000000000000000      0x5f4 /usr/lib/gcc/avr/5.4.0/../../../avr/lib/avr5/crtatmega328p.o

.debug_abbrev   0x0000000000000000      0x5a2
 *(.debug_abbrev)
 .debug_abbrev  0x0000000000000000      0x5a2 /usr/lib/gcc/avr/5.4.0/../../../avr/lib/avr5/crtatmega328p.o

.debug_line     0x0000000000000000       0x1a
 *(.debug_line .debug_line.* .debug_line_end)
 .debug_line    0x0000000000000000       0x1a /usr/lib/gcc/avr/5.4.0/../../../avr/lib/avr5/crtatmega328p.o

.debug_frame
 *(.debug_frame)

.debug_str      0x0000000000000000      0x208
 *(.debug_str)
 .debug_str     0x0000000000000000      0x208 /usr/lib/gcc/avr/5.4.0/../../../avr/lib/avr5/crtatmega328p.o

.debug_loc
 *(.debug_loc)

.debug_macinfo
 *(.debug_macinfo)

.debug_weaknames
 *(.debug_weaknames)

.debug_funcnames
 *(.debug_funcnames)

.debug_typenames
 *(.debug_typenames)

.debug_varnames
 *(.debug_varnames)

.debug_pubtypes
 *(.debug_pubtypes)

.debug_ranges
 *(.debug_ranges)

.debug_macro
 *(.debug_macro)
OUTPUT(l5_3.elf elf32-avr)
LOAD linker stubs
